------- FILE bomber.asm LEVEL 1 PASS 2
      1  fffe					      processor	6502
      2  10000 ????
      3  10000 ????						; Include required files with VCS register memory mapping and macros
------- FILE vcs.h LEVEL 2 PASS 2
      0  10000 ????				       include	"vcs.h"
      1  10000 ????						; VCS.H
      2  10000 ????						; Version 1.05, 13/November/2003
      3  10000 ????
      4  10000 ????		00 69	    VERSION_VCS =	105
      5  10000 ????
      6  10000 ????						; THIS IS A PRELIMINARY RELEASE OF *THE* "STANDARD" VCS.H
      7  10000 ????						; THIS FILE IS EXPLICITLY SUPPORTED AS A DASM-PREFERRED COMPANION FILE
      8  10000 ????						; PLEASE DO *NOT* REDISTRIBUTE THIS FILE!
      9  10000 ????						;
     10  10000 ????						; This file defines hardware registers and memory mapping for the
     11  10000 ????						; Atari 2600. It is distributed as a companion machine-specific support package
     12  10000 ????						; for the DASM compiler. Updates to this file, DASM, and associated tools are
     13  10000 ????						; available at at http://www.atari2600.org/dasm
     14  10000 ????						;
     15  10000 ????						; Many thanks to the original author(s) of this file, and to everyone who has
     16  10000 ????						; contributed to understanding the Atari 2600.  If you take issue with the
     17  10000 ????						; contents, or naming of registers, please write to me (atari2600@taswegian.com)
     18  10000 ????						; with your views.  Please contribute, if you think you can improve this
     19  10000 ????						; file!
     20  10000 ????						;
     21  10000 ????						; Latest Revisions...
     22  10000 ????						; 1.05  13/NOV/2003	  - Correction to 1.04 - now functions as requested by MR.
     23  10000 ????						;			  - Added VERSION_VCS equate (which will reflect 100x version #)
     24  10000 ????						;			    This will allow conditional code to verify VCS.H being
     25  10000 ????						;			    used for code assembly.
     26  10000 ????						; 1.04  12/NOV/2003	 Added TIA_BASE_WRITE_ADDRESS and TIA_BASE_READ_ADDRESS for
     27  10000 ????						;			 convenient disassembly/reassembly compatibility for hardware
     28  10000 ????						;			 mirrored reading/writing differences.	This is more a 
     29  10000 ????						;			 readability issue, and binary compatibility with disassembled
     30  10000 ????						;			 and reassembled sources.  Per Manuel Rotschkar's suggestion.
     31  10000 ????						; 1.03  12/MAY/2003	 Added SEG segment at end of file to fix old-code compatibility
     32  10000 ????						;			 which was broken by the use of segments in this file, as
     33  10000 ????						;			 reported by Manuel Polik on [stella] 11/MAY/2003
     34  10000 ????						; 1.02  22/MAR/2003	 Added TIMINT($285)
     35  10000 ????						; 1.01				Constant offset added to allow use for 3F-style bankswitching
     36  10000 ????						;						 - define TIA_BASE_ADDRESS as $40 for Tigervision carts, otherwise
     37  10000 ????						;						   it is safe to leave it undefined, and the base address will
     38  10000 ????						;						   be set to 0.  Thanks to Eckhard Stolberg for the suggestion.
     39  10000 ????						;			    Note, may use -DLABEL=EXPRESSION to define TIA_BASE_ADDRESS
     40  10000 ????						;			  - register definitions are now generated through assignment
     41  10000 ????						;			    in uninitialised segments.	This allows a changeable base
     42  10000 ????						;			    address architecture.
     43  10000 ????						; 1.0	22/MAR/2003		Initial release
     44  10000 ????						;-------------------------------------------------------------------------------
     45  10000 ????						; TIA_BASE_ADDRESS
     46  10000 ????						; The TIA_BASE_ADDRESS defines the base address of access to TIA registers.
     47  10000 ????						; Normally 0, the base address should (externally, before including this file)
     48  10000 ????						; be set to $40 when creating 3F-bankswitched (and other?) cartridges.
     49  10000 ????						; The reason is that this bankswitching scheme treats any access to locations
     50  10000 ????						; < $40 as a bankswitch.
     51  10000 ????			   -	       IFNCONST	TIA_BASE_ADDRESS
     52  10000 ????			   -TIA_BASE_ADDRESS =	0
     53  10000 ????				       ENDIF
     54  10000 ????						; Note: The address may be defined on the command-line using the -D switch, eg:
     55  10000 ????						; dasm.exe code.asm -DTIA_BASE_ADDRESS=$40 -f3 -v5 -ocode.bin
     56  10000 ????						; *OR* by declaring the label before including this file, eg:
     57  10000 ????						; TIA_BASE_ADDRESS = $40
     58  10000 ????						;   include "vcs.h"
     59  10000 ????						; Alternate read/write address capability - allows for some disassembly compatibility
     60  10000 ????						; usage ; to allow reassembly to binary perfect copies).  This is essentially catering
     61  10000 ????						; for the mirrored ROM hardware registers.
     62  10000 ????						; Usage: As per above, define the TIA_BASE_READ_ADDRESS and/or TIA_BASE_WRITE_ADDRESS
     63  10000 ????						; using the -D command-line switch, as required.  If the addresses are not defined, 
     64  10000 ????						; they defaut to the TIA_BASE_ADDRESS.
     65  10000 ????			   -	       IFNCONST	TIA_BASE_READ_ADDRESS
     66  10000 ????			   -TIA_BASE_READ_ADDRESS =	TIA_BASE_ADDRESS
     67  10000 ????				       ENDIF
     68  10000 ????			   -	       IFNCONST	TIA_BASE_WRITE_ADDRESS
     69  10000 ????			   -TIA_BASE_WRITE_ADDRESS =	TIA_BASE_ADDRESS
     70  10000 ????				       ENDIF
     71  10000 ????						;-------------------------------------------------------------------------------
     72 U002d ????				      SEG.U	TIA_REGISTERS_WRITE
     73 U0000					      ORG	TIA_BASE_WRITE_ADDRESS
     74 U0000							; DO NOT CHANGE THE RELATIVE ORDERING OF REGISTERS!
     75 U0000
     76 U0000		       00	   VSYNC      ds	1	; $00	 0000 00x0   Vertical Sync Set-Clear
     77 U0001		       00	   VBLANK     ds	1	; $01	 xx00 00x0   Vertical Blank Set-Clear
     78 U0002		       00	   WSYNC      ds	1	; $02	 ---- ----   Wait for Horizontal Blank
     79 U0003		       00	   RSYNC      ds	1	; $03	 ---- ----   Reset Horizontal Sync Counter
     80 U0004		       00	   NUSIZ0     ds	1	; $04	 00xx 0xxx   Number-Size player/missle 0
     81 U0005		       00	   NUSIZ1     ds	1	; $05	 00xx 0xxx   Number-Size player/missle 1
     82 U0006		       00	   COLUP0     ds	1	; $06	 xxxx xxx0   Color-Luminance Player 0
     83 U0007		       00	   COLUP1     ds	1	; $07	 xxxx xxx0   Color-Luminance Player 1
     84 U0008		       00	   COLUPF     ds	1	; $08	 xxxx xxx0   Color-Luminance Playfield
     85 U0009		       00	   COLUBK     ds	1	; $09	 xxxx xxx0   Color-Luminance Background
     86 U000a		       00	   CTRLPF     ds	1	; $0A	 00xx 0xxx   Control Playfield, Ball, Collisions
     87 U000b		       00	   REFP0      ds	1	; $0B	 0000 x000   Reflection Player 0
     88 U000c		       00	   REFP1      ds	1	; $0C	 0000 x000   Reflection Player 1
     89 U000d		       00	   PF0	      ds	1	; $0D	 xxxx 0000   Playfield Register Byte 0
     90 U000e		       00	   PF1	      ds	1	; $0E	 xxxx xxxx   Playfield Register Byte 1
     91 U000f		       00	   PF2	      ds	1	; $0F	 xxxx xxxx   Playfield Register Byte 2
     92 U0010		       00	   RESP0      ds	1	; $10	 ---- ----   Reset Player 0
     93 U0011		       00	   RESP1      ds	1	; $11	 ---- ----   Reset Player 1
     94 U0012		       00	   RESM0      ds	1	; $12	 ---- ----   Reset Missle 0
     95 U0013		       00	   RESM1      ds	1	; $13	 ---- ----   Reset Missle 1
     96 U0014		       00	   RESBL      ds	1	; $14	 ---- ----   Reset Ball
     97 U0015		       00	   AUDC0      ds	1	; $15	 0000 xxxx   Audio Control 0
     98 U0016		       00	   AUDC1      ds	1	; $16	 0000 xxxx   Audio Control 1
     99 U0017		       00	   AUDF0      ds	1	; $17	 000x xxxx   Audio Frequency 0
    100 U0018		       00	   AUDF1      ds	1	; $18	 000x xxxx   Audio Frequency 1
    101 U0019		       00	   AUDV0      ds	1	; $19	 0000 xxxx   Audio Volume 0
    102 U001a		       00	   AUDV1      ds	1	; $1A	 0000 xxxx   Audio Volume 1
    103 U001b		       00	   GRP0       ds	1	; $1B	 xxxx xxxx   Graphics Register Player 0
    104 U001c		       00	   GRP1       ds	1	; $1C	 xxxx xxxx   Graphics Register Player 1
    105 U001d		       00	   ENAM0      ds	1	; $1D	 0000 00x0   Graphics Enable Missle 0
    106 U001e		       00	   ENAM1      ds	1	; $1E	 0000 00x0   Graphics Enable Missle 1
    107 U001f		       00	   ENABL      ds	1	; $1F	 0000 00x0   Graphics Enable Ball
    108 U0020		       00	   HMP0       ds	1	; $20	 xxxx 0000   Horizontal Motion Player 0
    109 U0021		       00	   HMP1       ds	1	; $21	 xxxx 0000   Horizontal Motion Player 1
    110 U0022		       00	   HMM0       ds	1	; $22	 xxxx 0000   Horizontal Motion Missle 0
    111 U0023		       00	   HMM1       ds	1	; $23	 xxxx 0000   Horizontal Motion Missle 1
    112 U0024		       00	   HMBL       ds	1	; $24	 xxxx 0000   Horizontal Motion Ball
    113 U0025		       00	   VDELP0     ds	1	; $25	 0000 000x   Vertical Delay Player 0
    114 U0026		       00	   VDELP1     ds	1	; $26	 0000 000x   Vertical Delay Player 1
    115 U0027		       00	   VDELBL     ds	1	; $27	 0000 000x   Vertical Delay Ball
    116 U0028		       00	   RESMP0     ds	1	; $28	 0000 00x0   Reset Missle 0 to Player 0
    117 U0029		       00	   RESMP1     ds	1	; $29	 0000 00x0   Reset Missle 1 to Player 1
    118 U002a		       00	   HMOVE      ds	1	; $2A	 ---- ----   Apply Horizontal Motion
    119 U002b		       00	   HMCLR      ds	1	; $2B	 ---- ----   Clear Horizontal Move Registers
    120 U002c		       00	   CXCLR      ds	1	; $2C	 ---- ----   Clear Collision Latches
    121 U002d
    122 U002d							;-------------------------------------------------------------------------------
    123 U000e ????				      SEG.U	TIA_REGISTERS_READ
    124 U0000					      ORG	TIA_BASE_READ_ADDRESS
    125 U0000							;											bit 7	 bit 6
    126 U0000		       00	   CXM0P      ds	1	; $00	     xx00 0000	     Read Collision  M0-P1   M0-P0
    127 U0001		       00	   CXM1P      ds	1	; $01	     xx00 0000			     M1-P0   M1-P1
    128 U0002		       00	   CXP0FB     ds	1	; $02	     xx00 0000			     P0-PF   P0-BL
    129 U0003		       00	   CXP1FB     ds	1	; $03	     xx00 0000			     P1-PF   P1-BL
    130 U0004		       00	   CXM0FB     ds	1	; $04	     xx00 0000			     M0-PF   M0-BL
    131 U0005		       00	   CXM1FB     ds	1	; $05	     xx00 0000			     M1-PF   M1-BL
    132 U0006		       00	   CXBLPF     ds	1	; $06	     x000 0000			     BL-PF   -----
    133 U0007		       00	   CXPPMM     ds	1	; $07	     xx00 0000			     P0-P1   M0-M1
    134 U0008		       00	   INPT0      ds	1	; $08	     x000 0000	     Read Pot Port 0
    135 U0009		       00	   INPT1      ds	1	; $09	     x000 0000	     Read Pot Port 1
    136 U000a		       00	   INPT2      ds	1	; $0A	     x000 0000	     Read Pot Port 2
    137 U000b		       00	   INPT3      ds	1	; $0B	     x000 0000	     Read Pot Port 3
    138 U000c		       00	   INPT4      ds	1	; $0C		x000 0000	 Read Input (Trigger) 0
    139 U000d		       00	   INPT5      ds	1	; $0D		x000 0000	 Read Input (Trigger) 1
    140 U000e							;-------------------------------------------------------------------------------
    141 U0298 ????				      SEG.U	RIOT
    142 U0280					      ORG	$280
    143 U0280
    144 U0280							; RIOT MEMORY MAP
    145 U0280		       00	   SWCHA      ds	1	; $280      Port A data register for joysticks:
    146 U0281							;			Bits 4-7 for player 1.  Bits 0-3 for player 2.
    147 U0281		       00	   SWACNT     ds	1	; $281      Port A data direction register (DDR)
    148 U0282		       00	   SWCHB      ds	1	; $282		Port B data (console switches)
    149 U0283		       00	   SWBCNT     ds	1	; $283      Port B DDR
    150 U0284		       00	   INTIM      ds	1	; $284		Timer output
    151 U0285		       00	   TIMINT     ds	1	; $285
    152 U0286							; Unused/undefined registers ($285-$294)
    153 U0286		       00		      ds	1	; $286
    154 U0287		       00		      ds	1	; $287
    155 U0288		       00		      ds	1	; $288
    156 U0289		       00		      ds	1	; $289
    157 U028a		       00		      ds	1	; $28A
    158 U028b		       00		      ds	1	; $28B
    159 U028c		       00		      ds	1	; $28C
    160 U028d		       00		      ds	1	; $28D
    161 U028e		       00		      ds	1	; $28E
    162 U028f		       00		      ds	1	; $28F
    163 U0290		       00		      ds	1	; $290
    164 U0291		       00		      ds	1	; $291
    165 U0292		       00		      ds	1	; $292
    166 U0293		       00		      ds	1	; $293
    167 U0294		       00	   TIM1T      ds	1	; $294		set 1 clock interval
    168 U0295		       00	   TIM8T      ds	1	; $295      set 8 clock interval
    169 U0296		       00	   TIM64T     ds	1	; $296      set 64 clock interval
    170 U0297		       00	   T1024T     ds	1	; $297      set 1024 clock interval
    171 U0298							;-------------------------------------------------------------------------------
    172 U0298							; The following required for back-compatibility with code which does not use
    173 U0298							; segments.
    174  0000 ????				      SEG
    175  0000 ????						; EOF
------- FILE bomber.asm
------- FILE macro.h LEVEL 2 PASS 2
      0  0000 ????				      include	"macro.h"
      1  0000 ????						; MACRO.H
      2  0000 ????						; Version 1.06, 3/SEPTEMBER/2004
      3  0000 ????
      4  0000 ????	       00 6a	   VERSION_MACRO =	106
      5  0000 ????
      6  0000 ????						;
      7  0000 ????						; THIS FILE IS EXPLICITLY SUPPORTED AS A DASM-PREFERRED COMPANION FILE
      8  0000 ????						; PLEASE DO *NOT* REDISTRIBUTE MODIFIED VERSIONS OF THIS FILE!
      9  0000 ????						;
     10  0000 ????						; This file defines DASM macros useful for development for the Atari 2600.
     11  0000 ????						; It is distributed as a companion machine-specific support package
     12  0000 ????						; for the DASM compiler. Updates to this file, DASM, and associated tools are
     13  0000 ????						; available at at http://www.atari2600.org/dasm
     14  0000 ????						;
     15  0000 ????						; Many thanks to the people who have contributed.  If you take issue with the
     16  0000 ????						; contents, or would like to add something, please write to me
     17  0000 ????						; (atari2600@taswegian.com) with your contribution.
     18  0000 ????						;
     19  0000 ????						; Latest Revisions...
     20  0000 ????						;
     21  0000 ????						; 1.06  03/SEP/2004	 - nice revision of VERTICAL_BLANK (Edwin Blink)
     22  0000 ????						; 1.05  14/NOV/2003	 - Added VERSION_MACRO equate (which will reflect 100x version #)
     23  0000 ????						;			   This will allow conditional code to verify MACRO.H being
     24  0000 ????						;			   used for code assembly.
     25  0000 ????						; 1.04  13/NOV/2003	 - SET_POINTER macro added (16-bit address load)
     26  0000 ????						;
     27  0000 ????						; 1.03  23/JUN/2003	 - CLEAN_START macro added - clears TIA, RAM, registers
     28  0000 ????						;
     29  0000 ????						; 1.02  14/JUN/2003	 - VERTICAL_SYNC macro added
     30  0000 ????						;			   (standardised macro for vertical synch code)
     31  0000 ????						; 1.01  22/MAR/2003	 - SLEEP macro added. 
     32  0000 ????						;			 - NO_ILLEGAL_OPCODES switch implemented
     33  0000 ????						; 1.0	22/MAR/2003		Initial release
     34  0000 ????
     35  0000 ????						; Note: These macros use illegal opcodes.  To disable illegal opcode usage, 
     36  0000 ????						;   define the symbol NO_ILLEGAL_OPCODES (-DNO_ILLEGAL_OPCODES=1 on command-line).
     37  0000 ????						;   If you do not allow illegal opcode usage, you must include this file 
     38  0000 ????						;   *after* including VCS.H (as the non-illegal opcodes access hardware
     39  0000 ????						;   registers and require them to be defined first).
     40  0000 ????
     41  0000 ????						; Available macros...
     42  0000 ????						;   SLEEP n		 - sleep for n cycles
     43  0000 ????						;   VERTICAL_SYNC	 - correct 3 scanline vertical synch code
     44  0000 ????						;   CLEAN_START	 - set machine to known state on startup
     45  0000 ????						;   SET_POINTER	 - load a 16-bit absolute to a 16-bit variable
     46  0000 ????
     47  0000 ????						;-------------------------------------------------------------------------------
     48  0000 ????						; SLEEP duration
     49  0000 ????						; Original author: Thomas Jentzsch
     50  0000 ????						; Inserts code which takes the specified number of cycles to execute.	This is
     51  0000 ????						; useful for code where precise timing is required.
     52  0000 ????						; ILLEGAL-OPCODE VERSION DOES NOT AFFECT FLAGS OR REGISTERS.
     53  0000 ????						; LEGAL OPCODE VERSION MAY AFFECT FLAGS
     54  0000 ????						; Uses illegal opcode (DASM 2.20.01 onwards).
     55  0000 ????
     56  0000 ????				      MAC	sleep
     57  0000 ????			   .CYCLES    SET	{1}
     58  0000 ????
     59  0000 ????				      IF	.CYCLES < 2
     60  0000 ????				      ECHO	"MACRO ERROR: 'SLEEP': Duration must be > 1"
     61  0000 ????				      ERR
     62  0000 ????				      ENDIF
     63  0000 ????
     64  0000 ????				      IF	.CYCLES & 1
     65  0000 ????				      IFNCONST	NO_ILLEGAL_OPCODES
     66  0000 ????				      nop	0
     67  0000 ????				      ELSE
     68  0000 ????				      bit	VSYNC
     69  0000 ????				      ENDIF
     70  0000 ????			   .CYCLES    SET	.CYCLES - 3
     71  0000 ????				      ENDIF
     72  0000 ????
     73  0000 ????				      REPEAT	.CYCLES / 2
     74  0000 ????				      nop
     75  0000 ????				      REPEND
     76  0000 ????				      ENDM		;usage: SLEEP n (n>1)
     77  0000 ????
     78  0000 ????						;-------------------------------------------------------------------------------
     79  0000 ????						; VERTICAL_SYNC
     80  0000 ????						; revised version by Edwin Blink -- saves bytes!
     81  0000 ????						; Inserts the code required for a proper 3 scanline vertical sync sequence
     82  0000 ????						; Note: Alters the accumulator
     83  0000 ????
     84  0000 ????						; OUT: A = 0
     85  0000 ????
     86  0000 ????				      MAC	vertical_sync
     87  0000 ????				      lda	#%1110	; each '1' bits generate a VSYNC ON line (bits 1..3)
     88  0000 ????			   .VSLP1     sta	WSYNC	; 1st '0' bit resets Vsync, 2nd '0' bit exit loop
     89  0000 ????				      sta	VSYNC
     90  0000 ????				      lsr
     91  0000 ????				      bne	.VSLP1	; branch until VYSNC has been reset
     92  0000 ????				      ENDM
     93  0000 ????
     94  0000 ????						;-------------------------------------------------------------------------------
     95  0000 ????						; CLEAN_START
     96  0000 ????						; Original author: Andrew Davie
     97  0000 ????						; Standardised start-up code, clears stack, all TIA registers and RAM to 0
     98  0000 ????						; Sets stack pointer to $FF, and all registers to 0
     99  0000 ????						; Sets decimal mode off, sets interrupt flag (kind of un-necessary)
    100  0000 ????						; Use as very first section of code on boot (ie: at reset)
    101  0000 ????						; Code written to minimise total ROM usage - uses weird 6502 knowledge :)
    102  0000 ????
    103  0000 ????				      MAC	clean_start
    104  0000 ????				      sei
    105  0000 ????				      cld
    106  0000 ????
    107  0000 ????				      ldx	#0
    108  0000 ????				      txa
    109  0000 ????				      tay
    110  0000 ????			   .CLEAR_STACK dex
    111  0000 ????				      txs
    112  0000 ????				      pha
    113  0000 ????				      bne	.CLEAR_STACK	; SP=$FF, X = A = Y = 0
    114  0000 ????
    115  0000 ????				      ENDM
    116  0000 ????
    117  0000 ????						;-------------------------------------------------------
    118  0000 ????						; SET_POINTER
    119  0000 ????						; Original author: Manuel Rotschkar
    120  0000 ????						;
    121  0000 ????						; Sets a 2 byte RAM pointer to an absolute address.
    122  0000 ????						;
    123  0000 ????						; Usage: SET_POINTER pointer, address
    124  0000 ????						; Example: SET_POINTER SpritePTR, SpriteData
    125  0000 ????						;
    126  0000 ????						; Note: Alters the accumulator, NZ flags
    127  0000 ????						; IN 1: 2 byte RAM location reserved for pointer
    128  0000 ????						; IN 2: absolute address
    129  0000 ????
    130  0000 ????				      MAC	set_pointer
    131  0000 ????			   .POINTER   SET	{1}
    132  0000 ????			   .ADDRESS   SET	{2}
    133  0000 ????
    134  0000 ????				      LDA	#<.ADDRESS	; Get Lowbyte of Address
    135  0000 ????				      STA	.POINTER	; Store in pointer
    136  0000 ????				      LDA	#>.ADDRESS	; Get Hibyte of Address
    137  0000 ????				      STA	.POINTER+1	; Store in pointer+1
    138  0000 ????
    139  0000 ????				      ENDM
    140  0000 ????
    141  0000 ????						;-------------------------------------------------------
    142  0000 ????						; BOUNDARY byte#
    143  0000 ????						; Original author: Denis Debro (borrowed from Bob Smith / Thomas)
    144  0000 ????						;
    145  0000 ????						; Push data to a certain position inside a page and keep count of how
    146  0000 ????						; many free bytes the programmer will have.
    147  0000 ????						;
    148  0000 ????						; eg: BOUNDARY 5    ; position at byte #5 in page
    149  0000 ????
    150  0000 ????			   .FREE_BYTES SET	0
    151  0000 ????				      MAC	boundary
    152  0000 ????				      REPEAT	256
    153  0000 ????				      IF	<. % {1} = 0
    154  0000 ????				      MEXIT
    155  0000 ????				      ELSE
    156  0000 ????			   .FREE_BYTES SET	.FREE_BYTES + 1
    157  0000 ????				      .byte	$00
    158  0000 ????				      ENDIF
    159  0000 ????				      REPEND
    160  0000 ????				      ENDM
    161  0000 ????
    162  0000 ????
    163  0000 ????						; EOF
------- FILE bomber.asm
      6  0000 ????
      7  0000 ????						; Declare the variables starting from memory address $80
      8 U009c ????				      seg.u	Variables
      9 U0080					      org	$80
     10 U0080
     11 U0080		       00	   JetXPos    byte.b		; player0 x-position
     12 U0081		       00	   JetYPos    byte.b		; player0 y-position
     13 U0082		       00	   BomberXPos byte.b		; player1 x-position
     14 U0083		       00	   BomberYPos byte.b		; player1 y-position
     15 U0084		       00	   MissileXPox byte.b		; missile x-position
     16 U0085		       00	   MissileYPox byte.b		; missile y-position
     17 U0086		       00	   Score      byte.b		; 2-digit score stored as BCD
     18 U0087		       00	   Timer      byte.b		; 2-digit timer stored as BCD
     19 U0088		       00	   Temp       byte.b		; auxiliary variable to store temp values
     20 U0089		       00 00	   OnesDigitOffset word.w		; lookup table offset for the score 1's digit
     21 U008b		       00 00	   TensDigitOffset word.w		; lookup table offset for the score 10's digit
     22 U008d		       00 00	   JetSpritePtr word.w		; pointer to player0 sprite table
     23 U008f		       00 00	   JetColorPtr word.w		; pointer to player0 color table
     24 U0091		       00 00	   BomberSpritePtr word.w		; pointer to player1 sprite table
     25 U0093		       00 00	   BomberColorPtr word.w		; pointer to player1 color table
     26 U0095		       00 00	   JetAnimationOffset word.w		; player0 sprite frame offset for amination
     27 U0097		       00	   Random     byte.b		; random number generated
     28 U0098		       00	   ScoreSprite byte.b		; store the sprite bit pattern for score
     29 U0099		       00	   TimerSprite byte.b		; store the sprite bit pattern for timer
     30 U009a		       00	   TerrainColor byte.b		; store the color of the terrain
     31 U009b		       00	   RiverColor byte.b		; store the color of the river
     32 U009c
     33 U009c
     34 U009c							; define constants
     35 U009c		       00 09	   JET_HEIGHT =	9	; player0 sprite hegiht 
     36 U009c		       00 09	   BOMBER_HEIGHT =	9	; player1 sprite hegiht
     37 U009c		       00 05	   DIGITS_HEIGHT =	5	; scoreboard digit height
     38 U009c
     39 U009c							; Start our ROM code at memory address $F000
     40  10000 ????				       seg	code
     41  f000					      org	$F000
     42  f000
     43  f000				   Reset
      0  f000					      CLEAN_START		; class macro to reset memory and registers
      1  f000		       78		      sei
      2  f001		       d8		      cld
      3  f002
      4  f002		       a2 00		      ldx	#0
      5  f004		       8a		      txa
      6  f005		       a8		      tay
      7  f006		       ca	   .CLEAR_STACK dex
      8  f007		       9a		      txs
      9  f008		       48		      pha
     10  f009		       d0 fb		      bne	.CLEAR_STACK
     11  f00b
     45  f00b
     46  f00b							; initialize RAM variables and TIA registers
     47  f00b		       a9 0a		      lda	#10
     48  f00d		       85 81		      sta	JetYPos	; JetYPos = 10
     49  f00f		       a9 3c		      lda	#60
     50  f011		       85 80		      sta	JetXPos	; JetXPos = 60
     51  f013		       a9 53		      lda	#83
     52  f015		       85 83		      sta	BomberYPos	; BomberYPos = 83
     53  f017		       a9 36		      lda	#54
     54  f019		       85 82		      sta	BomberXPos	; BomberXPos = 54
     55  f01b		       a9 d4		      lda	#%11010100
     56  f01d		       85 97		      sta	Random	; Random = $D4
     57  f01f		       a9 00		      lda	#0
     58  f021		       85 86		      sta	Score
     59  f023		       85 87		      sta	Timer	; Score = Timer = 0
     60  f025
     61  f025							; Declare a macro to check if we display the missile
     62  f025					      MAC	draw_missile
     63  f025							;...x has the number of the scanline
     64  f025					      lda	#%00000000
     65  f025					      cpx	MissileYPox	; compare x with missile y-position
     66  f025					      bne	.SkipMissileDraw	; if x is not equal to missile y-position skip draw
     67  f025				   .DrawMissile
     68  f025					      lda	#%00000010
     69  f025					      inc	MissileYPox
     70  f025				   .SkipMissileDraw
     71  f025					      sta	ENAM0
     72  f025					      ENDM
     73  f025
     74  f025							; initialize the pointers to the correct lookup table adresses
     75  f025		       a9 12		      lda	#<PlayerSprite0
     76  f027		       85 8d		      sta	JetSpritePtr	; lo-byte pointer for jet sprite lookup table
     77  f029		       a9 f3		      lda	#>PlayerSprite0
     78  f02b		       85 8e		      sta	JetSpritePtr+1	; hi-byte pointer for jet sprite lookup table
     79  f02d
     80  f02d		       a9 24		      lda	#<PlayerColor0
     81  f02f		       85 8f		      sta	JetColorPtr	; lo-byte pointer for jet color lookup table
     82  f031		       a9 f3		      lda	#>PlayerColor0
     83  f033		       85 90		      sta	JetColorPtr+1	; hi-byte pointer for jet color lookup table
     84  f035
     85  f035		       a9 36		      lda	#<BomberSprite
     86  f037		       85 91		      sta	BomberSpritePtr	; lo-byte pointer for bomber sprite lookup table
     87  f039		       a9 f3		      lda	#>BomberSprite
     88  f03b		       85 92		      sta	BomberSpritePtr+1	; hi-byte pointer for bomber sprite lookup table
     89  f03d
     90  f03d		       a9 3f		      lda	#<BomberColor
     91  f03f		       85 93		      sta	BomberColorPtr	; lo-byte pointer for bomber color lookup table
     92  f041		       a9 f3		      lda	#>BomberColor
     93  f043		       85 94		      sta	BomberColorPtr+1	; hi-byte pointer for bomber color lookup table
     94  f045
     95  f045							; Start the main display loop and frame rendering
     96  f045				   StartFrame
     97  f045
     98  f045
     99  f045
    100  f045							; Display VSYNC and VBLANK
    101  f045		       a9 02		      lda	#2
    102  f047		       85 01		      sta	VBLANK	; turn on VBLANK
    103  f049		       85 00		      sta	VSYNC	; turn on VSYNC
    104  f04b					      REPEAT	3
    105  f04b		       85 02		      sta	WSYNC	; display the 3 recomended line of VSYNC
    104  f04b					      REPEND
    105  f04d		       85 02		      sta	WSYNC	; display the 3 recomended line of VSYNC
    104  f04d					      REPEND
    105  f04f		       85 02		      sta	WSYNC	; display the 3 recomended line of VSYNC
    106  f051					      REPEND
    107  f051		       a9 00		      lda	#0
    108  f053		       85 00		      sta	VSYNC	; turn off VSYNC
    109  f055
    110  f055					      REPEAT	33
    111  f055		       85 02		      sta	WSYNC	; display the 37 recomended line of VSYNC
    110  f055					      REPEND
    111  f057		       85 02		      sta	WSYNC	; display the 37 recomended line of VSYNC
    110  f057					      REPEND
    111  f059		       85 02		      sta	WSYNC	; display the 37 recomended line of VSYNC
    110  f059					      REPEND
    111  f05b		       85 02		      sta	WSYNC	; display the 37 recomended line of VSYNC
    110  f05b					      REPEND
    111  f05d		       85 02		      sta	WSYNC	; display the 37 recomended line of VSYNC
    110  f05d					      REPEND
    111  f05f		       85 02		      sta	WSYNC	; display the 37 recomended line of VSYNC
    110  f05f					      REPEND
    111  f061		       85 02		      sta	WSYNC	; display the 37 recomended line of VSYNC
    110  f061					      REPEND
    111  f063		       85 02		      sta	WSYNC	; display the 37 recomended line of VSYNC
    110  f063					      REPEND
    111  f065		       85 02		      sta	WSYNC	; display the 37 recomended line of VSYNC
    110  f065					      REPEND
    111  f067		       85 02		      sta	WSYNC	; display the 37 recomended line of VSYNC
    110  f067					      REPEND
    111  f069		       85 02		      sta	WSYNC	; display the 37 recomended line of VSYNC
    110  f069					      REPEND
    111  f06b		       85 02		      sta	WSYNC	; display the 37 recomended line of VSYNC
    110  f06b					      REPEND
    111  f06d		       85 02		      sta	WSYNC	; display the 37 recomended line of VSYNC
    110  f06d					      REPEND
    111  f06f		       85 02		      sta	WSYNC	; display the 37 recomended line of VSYNC
    110  f06f					      REPEND
    111  f071		       85 02		      sta	WSYNC	; display the 37 recomended line of VSYNC
    110  f071					      REPEND
    111  f073		       85 02		      sta	WSYNC	; display the 37 recomended line of VSYNC
    110  f073					      REPEND
    111  f075		       85 02		      sta	WSYNC	; display the 37 recomended line of VSYNC
    110  f075					      REPEND
    111  f077		       85 02		      sta	WSYNC	; display the 37 recomended line of VSYNC
    110  f077					      REPEND
    111  f079		       85 02		      sta	WSYNC	; display the 37 recomended line of VSYNC
    110  f079					      REPEND
    111  f07b		       85 02		      sta	WSYNC	; display the 37 recomended line of VSYNC
    110  f07b					      REPEND
    111  f07d		       85 02		      sta	WSYNC	; display the 37 recomended line of VSYNC
    110  f07d					      REPEND
    111  f07f		       85 02		      sta	WSYNC	; display the 37 recomended line of VSYNC
    110  f07f					      REPEND
    111  f081		       85 02		      sta	WSYNC	; display the 37 recomended line of VSYNC
    110  f081					      REPEND
    111  f083		       85 02		      sta	WSYNC	; display the 37 recomended line of VSYNC
    110  f083					      REPEND
    111  f085		       85 02		      sta	WSYNC	; display the 37 recomended line of VSYNC
    110  f085					      REPEND
    111  f087		       85 02		      sta	WSYNC	; display the 37 recomended line of VSYNC
    110  f087					      REPEND
    111  f089		       85 02		      sta	WSYNC	; display the 37 recomended line of VSYNC
    110  f089					      REPEND
    111  f08b		       85 02		      sta	WSYNC	; display the 37 recomended line of VSYNC
    110  f08b					      REPEND
    111  f08d		       85 02		      sta	WSYNC	; display the 37 recomended line of VSYNC
    110  f08d					      REPEND
    111  f08f		       85 02		      sta	WSYNC	; display the 37 recomended line of VSYNC
    110  f08f					      REPEND
    111  f091		       85 02		      sta	WSYNC	; display the 37 recomended line of VSYNC
    110  f091					      REPEND
    111  f093		       85 02		      sta	WSYNC	; display the 37 recomended line of VSYNC
    110  f093					      REPEND
    111  f095		       85 02		      sta	WSYNC	; display the 37 recomended line of VSYNC
    112  f097					      REPEND
    113  f097
    114  f097							;**************************************************************************************
    115  f097							; Calculate and tasks performed in the VBLANK
    116  f097		       a5 80		      lda	JetXPos
    117  f099		       a0 00		      ldy	#0
    118  f09b		       20 64 f2 	      jsr	SetObjectXPos	; set player0 horizonta position
    119  f09e
    120  f09e		       a5 82		      lda	BomberXPos
    121  f0a0		       a0 01		      ldy	#1
    122  f0a2		       20 64 f2 	      jsr	SetObjectXPos	; set player1 horizonta position
    123  f0a5
    124  f0a5		       a5 84		      lda	MissileXPox
    125  f0a7		       a0 02		      ldy	#2
    126  f0a9		       20 64 f2 	      jsr	SetObjectXPos	; set missile horizonta position
    127  f0ac
    128  f0ac		       20 a1 f2 	      jsr	CalculateDigitOffset	; calculate the scoreboard digit lookup table offset
    129  f0af
    130  f0af		       85 02		      sta	WSYNC
    131  f0b1		       85 2a		      sta	HMOVE	; apply the horizonta positions
    132  f0b3
    133  f0b3		       a9 00		      lda	#0
    134  f0b5		       85 01		      sta	VBLANK	; turn off VBLANK
    135  f0b7
    136  f0b7							;*************************************************************************************
    137  f0b7							; Display the scoreboard lines
    138  f0b7		       a9 00		      lda	#0	; clear TIA registers before each frame
    139  f0b9		       85 09		      sta	COLUBK
    140  f0bb		       85 0d		      sta	PF0
    141  f0bd		       85 0e		      sta	PF1
    142  f0bf		       85 0f		      sta	PF2
    143  f0c1		       85 1b		      sta	GRP0
    144  f0c3		       85 1c		      sta	GRP1
    145  f0c5		       85 0a		      sta	CTRLPF
    146  f0c7
    147  f0c7		       a9 1e		      lda	#$1E
    148  f0c9		       85 08		      sta	COLUPF
    149  f0cb
    150  f0cb		       a2 05		      ldx	#DIGITS_HEIGHT	; start the X counter whit the value 5
    151  f0cd
    152  f0cd				   .ScoreDigitLoop
    153  f0cd		       a4 8b		      ldy	TensDigitOffset	; get the ten's digit offset for the score
    154  f0cf		       b9 c2 f2 	      lda	Digits,Y	; load the bit pattern from lookup table
    155  f0d2		       29 f0		      and	#$F0	; mask the hight-bits
    156  f0d4		       85 98		      sta	ScoreSprite	; save the score tens digit in a variable
    157  f0d6
    158  f0d6		       a4 89		      ldy	OnesDigitOffset
    159  f0d8		       b9 c2 f2 	      lda	Digits,Y
    160  f0db		       29 0f		      and	#$0F
    161  f0dd		       05 98		      ora	ScoreSprite	; add the new bits with the bit that i save before
    162  f0df		       85 98		      sta	ScoreSprite	; save it
    163  f0e1		       85 02		      sta	WSYNC	; wait for scanline
    164  f0e3		       85 0e		      sta	PF1
    165  f0e5
    166  f0e5		       a4 8c		      ldy	TensDigitOffset+1	; get the left digit offset for the timer
    167  f0e7		       b9 c2 f2 	      lda	Digits,Y
    168  f0ea		       29 f0		      and	#$F0
    169  f0ec		       85 99		      sta	TimerSprite
    170  f0ee
    171  f0ee		       a4 8a		      ldy	OnesDigitOffset+1
    172  f0f0		       b9 c2 f2 	      lda	Digits,Y
    173  f0f3		       29 0f		      and	#$0F
    174  f0f5		       05 99		      ora	TimerSprite
    175  f0f7		       85 99		      sta	TimerSprite
    176  f0f9
    177  f0f9		       20 c1 f2 	      jsr	Sleep12Cycles	; waste 12 cycles
    178  f0fc
    179  f0fc		       85 0e		      sta	PF1	; update playfield for timer display
    180  f0fe
    181  f0fe		       a4 98		      ldy	ScoreSprite	; preload for the next scanline
    182  f100		       85 02		      sta	WSYNC
    183  f102
    184  f102		       84 0e		      sty	PF1	; update playfield for the score display
    185  f104		       e6 8b		      inc	TensDigitOffset
    186  f106		       e6 8c		      inc	TensDigitOffset+1
    187  f108		       e6 89		      inc	OnesDigitOffset
    188  f10a		       e6 8a		      inc	OnesDigitOffset+1
    189  f10c
    190  f10c		       20 c1 f2 	      jsr	Sleep12Cycles
    191  f10f
    192  f10f		       ca		      dex		; X--
    193  f110		       85 0e		      sta	PF1
    194  f112		       d0 b9		      bne	.ScoreDigitLoop	; if dex != 0, then branch to ScoreDigitLoop
    195  f114
    196  f114		       85 02		      sta	WSYNC
    197  f116
    198  f116		       a9 00		      lda	#0
    199  f118		       85 0d		      sta	PF0
    200  f11a		       85 0e		      sta	PF1
    201  f11c		       85 0f		      sta	PF2
    202  f11e		       85 02		      sta	WSYNC
    203  f120		       85 02		      sta	WSYNC
    204  f122		       85 02		      sta	WSYNC
    205  f124
    206  f124
    207  f124							; Display the 96 visible scan lines of our main game (beacouse 2-line kernel) 
    208  f124				   GameVisibleLines
    209  f124		       a5 9a		      lda	TerrainColor
    210  f126		       85 08		      sta	COLUPF
    211  f128		       a5 9b		      lda	RiverColor
    212  f12a		       85 09		      sta	COLUBK
    213  f12c		       a9 01		      lda	#%00000001	; enable playfield reflection
    214  f12e		       85 0a		      sta	CTRLPF
    215  f130		       a9 f0		      lda	#$F0
    216  f132		       85 0d		      sta	PF0
    217  f134		       a9 fc		      lda	#$FC
    218  f136		       85 0e		      sta	PF1
    219  f138		       a9 00		      lda	#0
    220  f13a		       85 0f		      sta	PF2
    221  f13c
    222  f13c		       a2 55		      ldx	#85	; X count the number of remainig scanlines
    223  f13e				   .GameLineLoop
      0  f13e					      DRAW_MISSILE		; macro to check if we should draw the missile
      1  f13e
      2  f13e		       a9 00		      lda	#%00000000
      3  f140		       e4 85		      cpx	MissileYPox
      4  f142		       d0 04		      bne	.SkipMissileDraw
      5  f144				   .DrawMissile
      6  f144		       a9 02		      lda	#%00000010
      7  f146		       e6 85		      inc	MissileYPox
      8  f148				   .SkipMissileDraw
      9  f148		       85 1d		      sta	ENAM0
    225  f14a
    226  f14a							;********************************************************************************
    227  f14a				   .AreWeInsideJetSprite
    228  f14a		       8a		      txa		; transfer x to A
    229  f14b		       38		      sec		; make sure the carry flag is set before subtraction
    230  f14c		       e5 81		      sbc	JetYPos	; subtract sprite Y-coord
    231  f14e		       c5 09		      cmp	JET_HEIGHT	; are we inside the sprite
    232  f150		       90 02		      bcc	.DrawSpriteP0	; if result < SpriteHeight, call the draw routine
    233  f152		       a9 00		      lda	#0	; else, set lookup index to zero
    234  f154				   .DrawSpriteP0
    235  f154		       18		      clc		; clear carry-flag before addition
    236  f155		       65 95		      adc	JetAnimationOffset	; jump to the correct sprite frame address in memory 
    237  f157		       a8		      tay		; load Y so we can work whit the pointer
    238  f158		       b1 8d		      lda	(JetSpritePtr),Y	; load player0 bitmap from lookup table
    239  f15a		       85 02		      sta	WSYNC	; wait for scanLine
    240  f15c		       85 1b		      sta	GRP0	; set graphics for player0
    241  f15e		       b1 8f		      lda	(JetColorPtr),Y	; load player0 color from lookup table
    242  f160		       85 06		      sta	COLUP0	; set color for player0
    243  f162							;********************************************************************************
    244  f162				   .AreWeInsideBomberSprite
    245  f162		       8a		      txa		; transfer x to A
    246  f163		       38		      sec		; make sure the carry flag is set before subtraction
    247  f164		       e5 83		      sbc	BomberYPos	; subtract sprite Y-coord
    248  f166		       c5 09		      cmp	BOMBER_HEIGHT	; are we inside the sprite
    249  f168		       90 02		      bcc	.DrawSpriteP1	; if result < SpriteHeight, call the draw routine
    250  f16a		       a9 00		      lda	#0	; else, set lookup index to zero
    251  f16c				   .DrawSpriteP1
    252  f16c		       a8		      tay		; load Y so we can work whit the pointer
    253  f16d
    254  f16d		       a9 05		      lda	#%00000101
    255  f16f		       85 05		      sta	NUSIZ1	; stretch player 1 sprite
    256  f171
    257  f171		       b1 91		      lda	(BomberSpritePtr),Y	; load player1 bitmap from lookup table
    258  f173		       85 02		      sta	WSYNC	; wait for scanLine
    259  f175		       85 1c		      sta	GRP1	; set graphics for player1
    260  f177		       b1 93		      lda	(BomberColorPtr),Y	; load player1 color from lookup table
    261  f179		       85 07		      sta	COLUP1	; set color for player1
    262  f17b							;********************************************************************************
    263  f17b
    264  f17b		       ca		      dex		; X--
    265  f17c		       d0 c0		      bne	.GameLineLoop	; repeat next main game scanline until finished
    266  f17e
    267  f17e		       a9 00		      lda	#0
    268  f180		       85 95		      sta	JetAnimationOffset
    269  f182
    270  f182		       85 02		      sta	WSYNC
    271  f184
    272  f184							; Display Overscan
    273  f184		       a9 02		      lda	#2
    274  f186		       85 01		      sta	VBLANK	; turn on VBLANK again
    275  f188					      REPEAT	30
    276  f188		       85 02		      sta	WSYNC	; Display 30 recomended scanlines
    275  f188					      REPEND
    276  f18a		       85 02		      sta	WSYNC	; Display 30 recomended scanlines
    275  f18a					      REPEND
    276  f18c		       85 02		      sta	WSYNC	; Display 30 recomended scanlines
    275  f18c					      REPEND
    276  f18e		       85 02		      sta	WSYNC	; Display 30 recomended scanlines
    275  f18e					      REPEND
    276  f190		       85 02		      sta	WSYNC	; Display 30 recomended scanlines
    275  f190					      REPEND
    276  f192		       85 02		      sta	WSYNC	; Display 30 recomended scanlines
    275  f192					      REPEND
    276  f194		       85 02		      sta	WSYNC	; Display 30 recomended scanlines
    275  f194					      REPEND
    276  f196		       85 02		      sta	WSYNC	; Display 30 recomended scanlines
    275  f196					      REPEND
    276  f198		       85 02		      sta	WSYNC	; Display 30 recomended scanlines
    275  f198					      REPEND
    276  f19a		       85 02		      sta	WSYNC	; Display 30 recomended scanlines
    275  f19a					      REPEND
    276  f19c		       85 02		      sta	WSYNC	; Display 30 recomended scanlines
    275  f19c					      REPEND
    276  f19e		       85 02		      sta	WSYNC	; Display 30 recomended scanlines
    275  f19e					      REPEND
    276  f1a0		       85 02		      sta	WSYNC	; Display 30 recomended scanlines
    275  f1a0					      REPEND
    276  f1a2		       85 02		      sta	WSYNC	; Display 30 recomended scanlines
    275  f1a2					      REPEND
    276  f1a4		       85 02		      sta	WSYNC	; Display 30 recomended scanlines
    275  f1a4					      REPEND
    276  f1a6		       85 02		      sta	WSYNC	; Display 30 recomended scanlines
    275  f1a6					      REPEND
    276  f1a8		       85 02		      sta	WSYNC	; Display 30 recomended scanlines
    275  f1a8					      REPEND
    276  f1aa		       85 02		      sta	WSYNC	; Display 30 recomended scanlines
    275  f1aa					      REPEND
    276  f1ac		       85 02		      sta	WSYNC	; Display 30 recomended scanlines
    275  f1ac					      REPEND
    276  f1ae		       85 02		      sta	WSYNC	; Display 30 recomended scanlines
    275  f1ae					      REPEND
    276  f1b0		       85 02		      sta	WSYNC	; Display 30 recomended scanlines
    275  f1b0					      REPEND
    276  f1b2		       85 02		      sta	WSYNC	; Display 30 recomended scanlines
    275  f1b2					      REPEND
    276  f1b4		       85 02		      sta	WSYNC	; Display 30 recomended scanlines
    275  f1b4					      REPEND
    276  f1b6		       85 02		      sta	WSYNC	; Display 30 recomended scanlines
    275  f1b6					      REPEND
    276  f1b8		       85 02		      sta	WSYNC	; Display 30 recomended scanlines
    275  f1b8					      REPEND
    276  f1ba		       85 02		      sta	WSYNC	; Display 30 recomended scanlines
    275  f1ba					      REPEND
    276  f1bc		       85 02		      sta	WSYNC	; Display 30 recomended scanlines
    275  f1bc					      REPEND
    276  f1be		       85 02		      sta	WSYNC	; Display 30 recomended scanlines
    275  f1be					      REPEND
    276  f1c0		       85 02		      sta	WSYNC	; Display 30 recomended scanlines
    275  f1c0					      REPEND
    276  f1c2		       85 02		      sta	WSYNC	; Display 30 recomended scanlines
    277  f1c4					      REPEND
    278  f1c4		       a9 00		      lda	#0
    279  f1c6		       85 01		      sta	VBLANK	; turn off VBLANK
    280  f1c8
    281  f1c8							; Process joystick input for player0
    282  f1c8				   CheckP0Up
    283  f1c8		       a9 10		      lda	#%00010000	; player0 joystick up
    284  f1ca		       2c 80 02 	      bit	SWCHA
    285  f1cd		       d0 0c		      bne	CheckP0Down	; if bit pattern doesnt match bypass
    286  f1cf				   .P0IsUp
    287  f1cf		       a5 81		      lda	JetYPos
    288  f1d1		       c9 46		      cmp	#70
    289  f1d3		       10 06		      bpl	CheckP0Down
    290  f1d5		       e6 81		      inc	JetYPos
    291  f1d7		       a9 00		      lda	#0
    292  f1d9		       85 95		      sta	JetAnimationOffset
    293  f1db
    294  f1db				   CheckP0Down
    295  f1db		       a9 20		      lda	#%00100000
    296  f1dd		       2c 80 02 	      bit	SWCHA
    297  f1e0		       d0 0c		      bne	CheckP0Left
    298  f1e2				   .P0IsDown
    299  f1e2		       a5 81		      lda	JetYPos
    300  f1e4		       c9 05		      cmp	#5
    301  f1e6		       30 06		      bmi	CheckP0Left
    302  f1e8		       c6 81		      dec	JetYPos
    303  f1ea		       a9 00		      lda	#0
    304  f1ec		       85 95		      sta	JetAnimationOffset
    305  f1ee
    306  f1ee				   CheckP0Left
    307  f1ee		       a9 40		      lda	#%01000000
    308  f1f0		       2c 80 02 	      bit	SWCHA
    309  f1f3		       d0 0c		      bne	CheckP0Right
    310  f1f5				   .P0IsLeft
    311  f1f5		       a5 80		      lda	JetXPos
    312  f1f7		       c9 23		      cmp	#35
    313  f1f9		       30 06		      bmi	CheckP0Right
    314  f1fb		       c6 80		      dec	JetXPos
    315  f1fd		       a5 09		      lda	JET_HEIGHT	; 9
    316  f1ff		       85 95		      sta	JetAnimationOffset	; set JetAnimationOffset to the second frame
    317  f201
    318  f201				   CheckP0Right
    319  f201		       a9 80		      lda	#%10000000
    320  f203		       2c 80 02 	      bit	SWCHA
    321  f206		       d0 0c		      bne	CheckButtonPress
    322  f208				   .P0IsRight
    323  f208		       a5 80		      lda	JetXPos
    324  f20a		       c9 64		      cmp	#100
    325  f20c		       10 06		      bpl	CheckButtonPress
    326  f20e		       e6 80		      inc	JetXPos
    327  f210		       a5 09		      lda	JET_HEIGHT	; 9
    328  f212		       85 95		      sta	JetAnimationOffset	; set JetAnimationOffset to the second frame
    329  f214
    330  f214				   CheckButtonPress
    331  f214		       a9 80		      lda	#%10000000
    332  f216		       24 0c		      bit	INPT4
    333  f218		       d0 0e		      bne	EndInput
    334  f21a				   .ButtonIsPress
    335  f21a		       a5 80		      lda	JetXPos	; load the x and y position of the Jet to set the Missile position
    336  f21c		       18		      clc
    337  f21d		       69 04		      adc	#4
    338  f21f		       85 84		      sta	MissileXPox
    339  f221		       a5 81		      lda	JetYPos
    340  f223		       18		      clc
    341  f224		       69 07		      adc	#7
    342  f226		       85 85		      sta	MissileYPox
    343  f228
    344  f228				   EndInput		; fallback when no input
    345  f228
    346  f228							; Calculations to update positions form next frame
    347  f228				   UpdateBomberPosition
    348  f228		       a5 83		      lda	BomberYPos
    349  f22a		       18		      clc
    350  f22b		       c9 00		      cmp	#0	; compare bomber Y position whit zero
    351  f22d		       30 05		      bmi	.ResetBomberPosition	; if is < 0, reset y pos back to the top
    352  f22f		       c6 83		      dec	BomberYPos	; else, decrement enemy y position
    353  f231		       4c 47 f2 	      jmp	EndPositionUpdate
    354  f234				   .ResetBomberPosition
    355  f234		       20 83 f2 	      jsr	GetRandomBomberPosition	; call subroutine for next random enemy x position
    356  f237
    357  f237							; use BCD to show friendly decimal values for the score and timer
    358  f237				   .SetScoreValues
    359  f237		       f8		      sed		; set decimal mode for score and timer
    360  f238
    361  f238		       a5 86		      lda	Score
    362  f23a		       18		      clc
    363  f23b		       69 01		      adc	#1
    364  f23d		       85 86		      sta	Score
    365  f23f
    366  f23f		       a5 87		      lda	Timer
    367  f241		       18		      clc
    368  f242		       69 01		      adc	#1
    369  f244		       85 87		      sta	Timer
    370  f246
    371  f246		       d8		      cld		; disble decimal mode 
    372  f247
    373  f247				   EndPositionUpdate		; fallback for the position update
    374  f247
    375  f247							; Check for object collitision
    376  f247				   CheckCollitionP0P1
    377  f247		       a9 80		      lda	#%10000000	; CXPPMM bit 7 detects P0 and P1 collition
    378  f249		       24 07		      bit	CXPPMM	; check CXPPMM bit 7 with the above pattern
    379  f24b		       d0 06		      bne	.CollitionP0P1	; collition hapend
    380  f24d		       20 5b f2 	      jsr	SetTerrainRiverColor	; set playfield color to green and blue
    381  f250		       4c 56 f2 	      jmp	EndCollitionCheck
    382  f253				   .CollitionP0P1
    383  f253		       20 78 f2 	      jsr	GameOver
    384  f256
    385  f256				   EndCollitionCheck		; fallback
    386  f256		       85 2c		      sta	CXCLR	; reset collition flags
    387  f258
    388  f258							; Loop back to Start a brand new frame
    389  f258		       4c 45 f0 	      jmp	StartFrame	; continue to display next frame
    390  f25b
    391  f25b				   SetTerrainRiverColor subroutine
    392  f25b		       a9 c2		      lda	#$C2
    393  f25d		       85 9a		      sta	TerrainColor
    394  f25f		       a9 84		      lda	#$84
    395  f261		       85 9b		      sta	RiverColor
    396  f263		       60		      rts
    397  f264
    398  f264							; subroutine to handle horizonta position
    399  f264				   SetObjectXPos subroutine
    400  f264		       85 02		      sta	WSYNC	; start a fresh new scanline
    401  f266		       38		      sec		; make sure carry-flag is set before subs
    402  f267				   .Div15Loop
    403  f267		       e9 0f		      sbc	#15	; subtract 15 from the accumulator
    404  f269		       b0 fc		      bcs	.Div15Loop	; loop until carry-flag is clear
    405  f26b		       49 07		      eor	#7	; handle offset range from -8 to 7
    406  f26d		       0a		      asl
    407  f26e		       0a		      asl
    408  f26f		       0a		      asl
    409  f270		       0a		      asl		; four shift lefts to get only the top 4 bits
    410  f271		       99 20 00 	      sta	HMP0,Y	; store the fine offset to the correct HMxx
    411  f274		       99 10 00 	      sta	RESP0,Y	; fix object position in 15-step increment
    412  f277		       60		      rts
    413  f278
    414  f278							; game over subroutine
    415  f278				   GameOver   subroutine
    416  f278		       a9 30		      lda	#$30
    417  f27a		       85 9a		      sta	TerrainColor	; set terrain color to red
    418  f27c		       85 9b		      sta	RiverColor	; set river color to red
    419  f27e		       a9 00		      lda	#0
    420  f280		       85 86		      sta	Score	; Score = 0
    421  f282		       60		      rts
    422  f283
    423  f283							; subroutine to generate random number
    424  f283				   GetRandomBomberPosition subroutine
    425  f283		       a5 97		      lda	Random
    426  f285		       0a		      asl
    427  f286		       45 97		      eor	Random
    428  f288		       0a		      asl
    429  f289		       45 97		      eor	Random
    430  f28b		       0a		      asl
    431  f28c		       0a		      asl
    432  f28d		       45 97		      eor	Random
    433  f28f		       0a		      asl
    434  f290		       26 97		      rol	Random
    435  f292		       4a		      lsr
    436  f293		       4a		      lsr		; divide the value by 4 with 2 right shift
    437  f294		       85 82		      sta	BomberXPos	; save it to the variable BomberXPos
    438  f296		       a9 1e		      lda	#30
    439  f298		       65 82		      adc	BomberXPos	; adds 30 + BomberXPos to compensate for left PF
    440  f29a		       85 82		      sta	BomberXPos	; sets the new value to the BomberXPos
    441  f29c
    442  f29c		       a9 60		      lda	#96
    443  f29e		       85 83		      sta	BomberYPos	; sets the BomberYPos to the top of the screen
    444  f2a0		       60		      rts
    445  f2a1
    446  f2a1							; subroutine to handle scoreboard digits
    447  f2a1							; convert the hegiht and low nibbles of the variable Score and Timer
    448  f2a1							; into the offset if digits lookup table so the values cn by display
    449  f2a1
    450  f2a1							; for the low nibble we need to mutiply by 5
    451  f2a1				   CalculateDigitOffset subroutine
    452  f2a1		       a2 01		      ldx	#1	; X register is the loop counter
    453  f2a3				   .PrepareScoreLoop		; this will loop twice, first X=1, and then X=0
    454  f2a3		       b5 86		      lda	Score,X	; load A whit the Timer when X=1 or Score when X=0
    455  f2a5		       29 0f		      and	#$0F	; remove the 10's digit by masking the bits 00001111
    456  f2a7		       85 88		      sta	Temp	; save the value of the acumulator in to the Temp variable
    457  f2a9		       0a		      asl		; shift left
    458  f2aa		       0a		      asl		; shift left N*4
    459  f2ab		       65 88		      adc	Temp	; add the value saved in A
    460  f2ad		       95 89		      sta	OnesDigitOffset,X	; save A in OnesDigitOffset+1 or OnesDigitOffset+0
    461  f2af
    462  f2af		       b5 86		      lda	Score,X	; load A whit the timer
    463  f2b1		       29 f0		      and	#$F0	; remove the 1's digit by masking bits 11110000
    464  f2b3		       4a		      lsr		; shift right n/2
    465  f2b4		       4a		      lsr		; shift right n/4
    466  f2b5		       85 88		      sta	Temp
    467  f2b7		       4a		      lsr
    468  f2b8		       4a		      lsr
    469  f2b9		       65 88		      adc	Temp	; add the values (n/16 + n/4)
    470  f2bb		       95 8b		      sta	TensDigitOffset,X	; save A in TensDigitOffset+1 or TensDigitOffset+0
    471  f2bd
    472  f2bd		       ca		      dex		; X--
    473  f2be		       10 e3		      bpl	.PrepareScoreLoop	; while X >= 0, loop to pass a second time 
    474  f2c0		       60		      rts
    475  f2c1							;Subroutine to waste 12 cycles
    476  f2c1							;jsr = 6 cycles
    477  f2c1							;rts = 6 cycles 
    478  f2c1				   Sleep12Cycles subroutine
    479  f2c1		       60		      rts
    480  f2c2
    481  f2c2
    482  f2c2							; Declare ROM lookup tables
    483  f2c2				   Digits
    484  f2c2		       77		      .byte.b	%01110111
    485  f2c3		       55		      .byte.b	%01010101
    486  f2c4		       55		      .byte.b	%01010101
    487  f2c5		       55		      .byte.b	%01010101
    488  f2c6		       77		      .byte.b	%01110111
    489  f2c7
    490  f2c7		       11		      .byte.b	%00010001
    491  f2c8		       11		      .byte.b	%00010001
    492  f2c9		       11		      .byte.b	%00010001
    493  f2ca		       11		      .byte.b	%00010001
    494  f2cb		       11		      .byte.b	%00010001
    495  f2cc
    496  f2cc		       77		      .byte.b	%01110111
    497  f2cd		       11		      .byte.b	%00010001
    498  f2ce		       77		      .byte.b	%01110111
    499  f2cf		       44		      .byte.b	%01000100
    500  f2d0		       77		      .byte.b	%01110111
    501  f2d1
    502  f2d1		       77		      .byte.b	%01110111
    503  f2d2		       11		      .byte.b	%00010001
    504  f2d3		       33		      .byte.b	%00110011
    505  f2d4		       11		      .byte.b	%00010001
    506  f2d5		       77		      .byte.b	%01110111
    507  f2d6
    508  f2d6		       55		      .byte.b	%01010101
    509  f2d7		       55		      .byte.b	%01010101
    510  f2d8		       77		      .byte.b	%01110111
    511  f2d9		       11		      .byte.b	%00010001
    512  f2da		       11		      .byte.b	%00010001
    513  f2db
    514  f2db		       77		      .byte.b	%01110111
    515  f2dc		       44		      .byte.b	%01000100
    516  f2dd		       77		      .byte.b	%01110111
    517  f2de		       11		      .byte.b	%00010001
    518  f2df		       77		      .byte.b	%01110111
    519  f2e0
    520  f2e0		       77		      .byte.b	%01110111
    521  f2e1		       44		      .byte.b	%01000100
    522  f2e2		       77		      .byte.b	%01110111
    523  f2e3		       55		      .byte.b	%01010101
    524  f2e4		       77		      .byte.b	%01110111
    525  f2e5
    526  f2e5		       77		      .byte.b	%01110111
    527  f2e6		       11		      .byte.b	%00010001
    528  f2e7		       11		      .byte.b	%00010001
    529  f2e8		       11		      .byte.b	%00010001
    530  f2e9		       11		      .byte.b	%00010001
    531  f2ea
    532  f2ea		       77		      .byte.b	%01110111
    533  f2eb		       55		      .byte.b	%01010101
    534  f2ec		       77		      .byte.b	%01110111
    535  f2ed		       55		      .byte.b	%01010101
    536  f2ee		       77		      .byte.b	%01110111
    537  f2ef
    538  f2ef		       77		      .byte.b	%01110111
    539  f2f0		       55		      .byte.b	%01010101
    540  f2f1		       77		      .byte.b	%01110111
    541  f2f2		       11		      .byte.b	%00010001
    542  f2f3		       77		      .byte.b	%01110111
    543  f2f4
    544  f2f4		       22		      .byte.b	%00100010
    545  f2f5		       55		      .byte.b	%01010101
    546  f2f6		       77		      .byte.b	%01110111
    547  f2f7		       55		      .byte.b	%01010101
    548  f2f8		       55		      .byte.b	%01010101
    549  f2f9
    550  f2f9		       77		      .byte.b	%01110111
    551  f2fa		       55		      .byte.b	%01010101
    552  f2fb		       66		      .byte.b	%01100110
    553  f2fc		       55		      .byte.b	%01010101
    554  f2fd		       77		      .byte.b	%01110111
    555  f2fe
    556  f2fe		       77		      .byte.b	%01110111
    557  f2ff		       44		      .byte.b	%01000100
    558  f300		       44		      .byte.b	%01000100
    559  f301		       44		      .byte.b	%01000100
    560  f302		       77		      .byte.b	%01110111
    561  f303
    562  f303		       66		      .byte.b	%01100110
    563  f304		       55		      .byte.b	%01010101
    564  f305		       55		      .byte.b	%01010101
    565  f306		       55		      .byte.b	%01010101
    566  f307		       66		      .byte.b	%01100110
    567  f308
    568  f308		       77		      .byte.b	%01110111
    569  f309		       44		      .byte.b	%01000100
    570  f30a		       77		      .byte.b	%01110111
    571  f30b		       44		      .byte.b	%01000100
    572  f30c		       77		      .byte.b	%01110111
    573  f30d
    574  f30d		       77		      .byte.b	%01110111
    575  f30e		       44		      .byte.b	%01000100
    576  f30f		       77		      .byte.b	%01110111
    577  f310		       44		      .byte.b	%01000100
    578  f311		       44		      .byte.b	%01000100
    579  f312
    580  f312				   PlayerSprite0
    581  f312		       00		      .byte.b	#%00000000
    582  f313		       44		      .byte.b	#%01000100
    583  f314		       7c		      .byte.b	#%01111100
    584  f315		       38		      .byte.b	#%00111000
    585  f316		       38		      .byte.b	#%00111000
    586  f317		       38		      .byte.b	#%00111000
    587  f318		       10		      .byte.b	#%00010000
    588  f319		       10		      .byte.b	#%00010000
    589  f31a		       10		      .byte.b	#%00010000
    590  f31b				   PlayerSprite1
    591  f31b		       00		      .byte.b	#%00000000
    592  f31c		       28		      .byte.b	#%00101000
    593  f31d		       38		      .byte.b	#%00111000
    594  f31e		       38		      .byte.b	#%00111000
    595  f31f		       38		      .byte.b	#%00111000
    596  f320		       10		      .byte.b	#%00010000
    597  f321		       10		      .byte.b	#%00010000
    598  f322		       10		      .byte.b	#%00010000
    599  f323		       10		      .byte.b	#%00010000
    600  f324				   PlayerColor0
    601  f324		       00		      .byte.b	#$00
    602  f325		       06		      .byte.b	#$06
    603  f326		       08		      .byte.b	#$08
    604  f327		       0e		      .byte.b	#$0E
    605  f328		       0c		      .byte.b	#$0C
    606  f329		       42		      .byte.b	#$42
    607  f32a		       1a		      .byte.b	#$1A
    608  f32b		       08		      .byte.b	#$08
    609  f32c		       0c		      .byte.b	#$0C
    610  f32d				   PlayerColor1
    611  f32d		       00		      .byte.b	#$00
    612  f32e		       06		      .byte.b	#$06
    613  f32f		       08		      .byte.b	#$08
    614  f330		       0e		      .byte.b	#$0E
    615  f331		       0c		      .byte.b	#$0C
    616  f332		       42		      .byte.b	#$42
    617  f333		       1a		      .byte.b	#$1A
    618  f334		       08		      .byte.b	#$08
    619  f335		       0c		      .byte.b	#$0C
    620  f336				   BomberSprite
    621  f336		       00		      .byte.b	#%00000000
    622  f337		       08		      .byte.b	#%00001000
    623  f338		       5d		      .byte.b	#%01011101
    624  f339		       3e		      .byte.b	#%00111110
    625  f33a		       1c		      .byte.b	#%00011100
    626  f33b		       5d		      .byte.b	#%01011101
    627  f33c		       49		      .byte.b	#%01001001
    628  f33d		       3e		      .byte.b	#%00111110
    629  f33e		       1c		      .byte.b	#%00011100
    630  f33f				   BomberColor
    631  f33f		       00		      .byte.b	#$00
    632  f340		       30		      .byte.b	#$30
    633  f341		       42		      .byte.b	#$42
    634  f342		       46		      .byte.b	#$46
    635  f343		       8a		      .byte.b	#$8A
    636  f344		       42		      .byte.b	#$42
    637  f345		       42		      .byte.b	#$42
    638  f346		       48		      .byte.b	#$48
    639  f347		       32		      .byte.b	#$32
    640  f348
    641  f348							; Complete ROM size with 4KB
    642  fffc					      org	$FFFC	; move origin to position $FFFC
    643  fffc		       00 f0		      word.w	Reset	; write 2 bytes with the program reset address
    644  fffe		       00 f0		      word.w	Reset
